// Jest Snapshot v1, https://goo.gl/fbAQLP

exports[`Components.App should render as expected, without crashing 1`] = `
<DocumentFragment>
  .c0 {
  position: -webkit-sticky;
  position: sticky;
  top: 0;
  display: -webkit-box;
  display: -webkit-flex;
  display: -ms-flexbox;
  display: flex;
  -webkit-align-items: center;
  -webkit-box-align: center;
  -ms-flex-align: center;
  align-items: center;
  -webkit-box-pack: justify;
  -webkit-justify-content: space-between;
  -ms-flex-pack: justify;
  justify-content: space-between;
  padding: 0.75rem 1rem;
  background-color: #070c1f;
  z-index: 1;
}

.c1 {
  display: block;
  width: 12rem;
  height: 1.75rem;
}

.c2 {
  position: relative;
}

.c3 {
  border: none;
  margin: 0;
  padding: 0;
  width: auto;
  overflow: visible;
  background: transparent;
  border-radius: 0;
  box-shadow: none;
  cursor: pointer;
  color: inherit;
  font: inherit;
  line-height: normal;
  -webkit-font-smoothing: antialiased;
  -moz-osx-font-smoothing: grayscale;
  -webkit-appearance: none;
  touch-action: manipulation;
}

.c3::-moz-focus-inner {
  border: 0;
  padding: 0;
}

.c3 img {
  display: block;
  width: 1.875rem;
  height: 1.875rem;
}

.c4 {
  display: inline-block;
  padding: 0.125rem 0.375rem;
  background-color: #f60068;
  color: #fff;
  font-size: 0.75rem;
  font-weight: 700;
  border-radius: 0.5rem;
  position: absolute;
  top: 100%;
  right: 100%;
  -webkit-transform: translate(calc(50% + 0.375rem),calc(-50% - 0.375rem));
  -ms-transform: translate(calc(50% + 0.375rem),calc(-50% - 0.375rem));
  transform: translate(calc(50% + 0.375rem),calc(-50% - 0.375rem));
}

@media (min-width:48em) {

}

@media (min-width:64em) {

}

@media (min-width:48em) {

}

@media (min-width:48em) {

}

@media (min-width:48em) {

}

@media (min-width:48em) {

}

<header
    class="c0"
  >
    <a
      href="/"
    >
      <img
        alt="Octopus Energy"
        class="c1"
        height="28"
        src="svg"
        width="192"
      />
    </a>
    <div
      class="c2"
    >
      <button
        aria-label="Your basket"
        class="c3"
        type="button"
      >
        <img
          alt=""
          src="svg"
        />
      </button>
      <span
        aria-label="You have 0 products in your basket"
        class="c4"
      >
        <span
          aria-hidden="true"
        >
          0
        </span>
      </span>
    </div>
  </header>
  .c12 {
  display: -webkit-box;
  display: -webkit-flex;
  display: -ms-flexbox;
  display: flex;
  -webkit-flex-direction: column;
  -ms-flex-direction: column;
  flex-direction: column;
  -webkit-align-items: center;
  -webkit-box-align: center;
  -ms-flex-align: center;
  align-items: center;
}

.c16 {
  font-size: 2rem;
  line-height: 2.5rem;
  font-weight: 700;
  padding: 0 0.5rem;
}

.c13 {
  font-size: 0.875rem;
  color: #5280d6;
  text-transform: uppercase;
  margin-bottom: 0.25rem;
}

.c15 {
  border: none;
  margin: 0;
  padding: 0;
  width: auto;
  overflow: visible;
  background: transparent;
  border-radius: 0;
  box-shadow: none;
  cursor: pointer;
  color: inherit;
  font: inherit;
  line-height: normal;
  -webkit-font-smoothing: antialiased;
  -moz-osx-font-smoothing: grayscale;
  -webkit-appearance: none;
  touch-action: manipulation;
  font-size: 1.5rem;
  line-height: 1;
  width: 2.5rem;
  height: 2.5rem;
  border-radius: 0.25rem;
  background-color: #5280d6;
}

.c15::-moz-focus-inner {
  border: 0;
  padding: 0;
}

.c15[disabled] {
  background-color: #151e33;
}

.c14 {
  display: -webkit-box;
  display: -webkit-flex;
  display: -ms-flexbox;
  display: flex;
  -webkit-align-items: stretch;
  -webkit-box-align: stretch;
  -ms-flex-align: stretch;
  align-items: stretch;
}

.c7 {
  padding: 0.625rem 0 1.5rem;
}

.c8 {
  display: -webkit-box;
  display: -webkit-flex;
  display: -ms-flexbox;
  display: flex;
  -webkit-align-items: flex-end;
  -webkit-box-align: flex-end;
  -ms-flex-align: flex-end;
  align-items: flex-end;
  -webkit-box-pack: justify;
  -webkit-justify-content: space-between;
  -ms-flex-pack: justify;
  justify-content: space-between;
  margin-bottom: 1.25rem;
}

.c9 {
  font-size: 2.5rem;
  font-weight: 700;
  line-height: 1;
  white-space: nowrap;
  margin: 0;
}

.c10 {
  display: inline-block;
  vertical-align: top;
}

.c11 {
  position: relative;
  top: 0.0625em;
  display: inline-block;
  vertical-align: top;
  font-size: 0.75em;
}

.c17 {
  border: none;
  margin: 0;
  padding: 0;
  width: auto;
  overflow: visible;
  background: transparent;
  border-radius: 0;
  box-shadow: none;
  cursor: pointer;
  color: inherit;
  font: inherit;
  line-height: normal;
  -webkit-font-smoothing: antialiased;
  -moz-osx-font-smoothing: grayscale;
  -webkit-appearance: none;
  touch-action: manipulation;
  display: block;
  width: 100%;
  padding: 0.75rem 1.5rem;
  font-size: 1.5rem;
  font-weight: 700;
  text-align: center;
  border-radius: 0.25rem;
  background-color: #f60068;
  position: relative;
}

.c17::-moz-focus-inner {
  border: 0;
  padding: 0;
}

.c17::after {
  content: '';
  position: absolute;
  top: 0;
  right: 0;
  left: 0;
  height: 50%;
  pointer-events: none;
  background-image: linear-gradient( to bottom, rgba(255,255,255,0.5), rgba(255,255,255,0.25) );
  border-top-right-radius: inherit;
  border-top-left-radius: inherit;
}

.c17:active {
  background-color: #b6004d;
}

.c1 {
  position: relative;
  margin: 0 2.375rem;
  height: 24.375rem;
}

.c1 img {
  position: absolute;
  top: 0;
  right: 0;
  bottom: 0;
  left: 0;
  display: block;
  width: 100%;
  height: 100%;
  object-fit: contain;
  object-position: center;
}

.c3 {
  padding: 3rem 2.375rem 1.5rem;
  background-color: #02122d;
}

.c6 {
  padding: 0 2.375rem;
}

.c2 {
  margin-top: -2rem;
}

.c4 {
  font-size: 2.25rem;
  font-weight: 700;
  line-height: 1.15;
  margin: 0 0 1rem;
}

.c5 {
  color: #5280d6;
  font-size: 1.125rem;
  font-weight: 400;
  margin: 0;
}

@media (min-width:48em) {
  .c0 {
    display: grid;
    grid-template-columns: 16rem 1fr;
    grid-gap: 2.375rem;
    padding: 0 2.375rem;
  }
}

@media (min-width:64em) {
  .c0 {
    grid-template-columns: 20rem 1fr;
  }
}

@media (min-width:48em) {
  .c1 {
    margin: 0;
  }

  .c1 img {
    object-position: top center;
  }
}

@media (min-width:48em) {
  .c3 {
    background: none;
    padding-top: 0;
    padding-right: 0;
    padding-left: 0;
  }
}

@media (min-width:48em) {
  .c6 {
    padding: 0;
    max-width: 25rem;
  }
}

@media (min-width:48em) {
  .c2 {
    margin-top: 0;
  }
}

<header
    class="c0"
  >
    <figure
      class="c1"
    >
      <img
        alt=""
        src="https://i.ibb.co/2nzwxnQ/bulb.png"
      />
    </figure>
    <div
      class="c2"
    >
      <div
        class="c3"
      >
        <h1
          class="c4"
        >
          Energy saving light bulb
        </h1>
        <h2
          class="c5"
        >
          25W // Packet of 4
        </h2>
      </div>
      <div
        class="c6"
      >
        <form
          class="c7"
        >
          <div
            class="c8"
          >
            <h3
              class="c9"
            >
              <span
                class="c10"
              >
                12
              </span>
              <span
                class="c11"
              >
                .99
              </span>
            </h3>
            <label
              class="c12"
              for="product-quantity"
            >
              <div
                aria-label="Quantity"
                class="c13"
                id="product-quantity-label"
              >
                <span
                  aria-hidden="true"
                >
                  QTY
                </span>
              </div>
              <div
                class="c14"
              >
                <button
                  aria-label="Decrease Quantity"
                  class="c15"
                  disabled=""
                  type="button"
                >
                  -
                </button>
                <span
                  aria-labelledby="product-quantity-label"
                  aria-readonly="true"
                  class="c16"
                  role="textbox"
                >
                  1
                </span>
                <button
                  aria-label="Increase Quantity"
                  class="c15"
                  type="button"
                >
                  +
                </button>
              </div>
            </label>
          </div>
          <button
            class="c17"
            type="submit"
          >
            Add to cart
          </button>
        </form>
      </div>
    </div>
  </header>
  .c1 {
  width: 100%;
  max-width: 90rem;
  margin: 0 auto;
  padding: 0 2.375rem;
}

.c0 {
  padding: 2rem 0 1.75rem;
  background-color: #02122d;
}

.c2 {
  font-size: 1.75rem;
  font-weight: 700;
  margin: 0 0 1rem;
}

.c3 {
  margin: 0;
}

@media (min-width:48em) {

}

@media (min-width:64em) {

}

@media (min-width:48em) {

}

@media (min-width:48em) {

}

@media (min-width:48em) {

}

@media (min-width:48em) {

}

<section
    class="c0"
  >
    <div
      class="c1"
    >
      <h3
        class="c2"
      >
        Description
      </h3>
      <p
        class="c3"
      >
        Available in 7 watts, 9 watts, 11 watts Spiral Light bulb in B22, bulb switches on instantly, no wait around warm start and flicker free features make for a great all purpose bulb
      </p>
    </div>
  </section>
  .c1 {
  width: 100%;
  max-width: 90rem;
  margin: 0 auto;
  padding: 0 2.375rem;
}

.c0 {
  padding: 2rem 0 1.75rem;
}

.c2 {
  font-size: 1.75rem;
  font-weight: 700;
  margin: 0 0 1rem;
}

.c3 {
  display: grid;
  grid-gap: 1rem;
  grid-template-columns: 11rem 1fr;
  margin: 0;
}

.c4 {
  margin: 0;
}

@media (min-width:48em) {

}

@media (min-width:64em) {

}

@media (min-width:48em) {

}

@media (min-width:48em) {

}

@media (min-width:48em) {

}

@media (min-width:48em) {

}

<section
    class="c0"
  >
    <div
      class="c1"
    >
      <h3
        class="c2"
      >
        Specifications
      </h3>
      <dl
        class="c3"
      >
        <dt>
          Brand
        </dt>
        <dd
          class="c4"
        >
          Philips
        </dd>
        <dt>
          Item weight
        </dt>
        <dd
          class="c4"
        >
          77
        </dd>
        <dt>
          Dimensions
        </dt>
        <dd
          class="c4"
        >
          6.2x12.6x6.2
        </dd>
        <dt>
          Item model number
        </dt>
        <dd
          class="c4"
        >
          E27 ES
        </dd>
        <dt>
          Colour
        </dt>
        <dd
          class="c4"
        >
          Cool daylight
        </dd>
      </dl>
    </div>
  </section>
  .c1 {
  width: 100%;
  max-width: 90rem;
  margin: 0 auto;
  padding: 0 2.375rem;
  padding-right: 1rem;
  padding-left: 1rem;
}

.c0 {
  padding: 1.25rem 0 1.5rem;
  color: #7c90b4;
  font-size: 0.75rem;
  background-color: #02122d;
}

.c2 {
  margin: 0;
}

@media (min-width:48em) {

}

@media (min-width:64em) {

}

@media (min-width:48em) {

}

@media (min-width:48em) {

}

@media (min-width:48em) {

}

@media (min-width:48em) {

}

<footer
    class="c0"
  >
    <div
      class="c1"
    >
      <p
        class="c2"
      >
        Octopus Energy Ltd is a company registered in England and Wales.
        <br />
        Registered number: 09265424. Registered oftice: 35 Holborn London. ECIN 2HT. Trading office: 20-24 Broadwick Street London, WiF 8HT
      </p>
    </div>
  </footer>
</DocumentFragment>
`;
